// Jest Snapshot v1, https://goo.gl/fbAQLP

exports[`admin::ctrl_settings snapshot 1`] = `
<div
  class="component_settingspage sticky"
>
  
            
  <form
    class="formbuilder"
    data-bind="form"
  >
    
                
    <h2>
      â€¦
    </h2>
    
                
    <div
      class="component_skeleton"
    />
    <div
      class="component_skeleton"
    />
    <div
      class="component_skeleton"
    />
    <div
      class="component_skeleton"
    />
    <div
      class="component_skeleton"
    />
    <div
      class="component_skeleton"
    />
    <div
      class="component_skeleton"
    />
    <div
      class="component_skeleton"
    />
    <div
      class="component_skeleton"
    />
    <div
      class="component_skeleton"
    />
    
            
  </form>
  
        
</div>
`;
