// Jest Snapshot v1, https://goo.gl/fbAQLP

exports[`component::notification is an web component 1`] = `
<body>
  
            
  <div>
    
                
    <component-notification />
    
            
  </div>
  
        
</body>
`;
